[    0.000000] Linux version 4.15.0-50-generic (buildd@lcy01-amd64-013) (gcc version 7.3.0 (Ubuntu 7.3.0-16ubuntu3)) #54-Ubuntu SMP Mon May 6 18:46:08 UTC 2019 (Ubuntu 4.15.0-50.54-generic 4.15.18)
[    0.000000] Command line: BOOT_IMAGE=/boot/vmlinuz-4.15.0-50-generic root=LABEL=cloudimg-rootfs ro console=tty1 console=ttyS0
[    0.000000] KERNEL supported cpus:
[    0.000000]   Intel GenuineIntel
[    0.000000]   AMD AuthenticAMD
[    0.000000]   Centaur CentaurHauls
[    0.000000] x86/fpu: Supporting XSAVE feature 0x001: 'x87 floating point registers'
[    0.000000] x86/fpu: Supporting XSAVE feature 0x002: 'SSE registers'
[    0.000000] x86/fpu: Supporting XSAVE feature 0x004: 'AVX registers'
[    0.000000] x86/fpu: xstate_offset[2]:  576, xstate_sizes[2]:  256
[    0.000000] x86/fpu: Enabled xstate features 0x7, context size is 832 bytes, using 'standard' format.
[    0.000000] e820: BIOS-provided physical RAM map:
[    0.000000] BIOS-e820: [mem 0x0000000000000000-0x000000000009fbff] usable
[    0.000000] BIOS-e820: [mem 0x000000000009fc00-0x000000000009ffff] reserved
[    0.000000] BIOS-e820: [mem 0x00000000000f0000-0x00000000000fffff] reserved
[    0.000000] BIOS-e820: [mem 0x0000000000100000-0x000000001ffeffff] usable
[    0.000000] BIOS-e820: [mem 0x000000001fff0000-0x000000001fffffff] ACPI data
[    0.000000] BIOS-e820: [mem 0x00000000fec00000-0x00000000fec00fff] reserved
[    0.000000] BIOS-e820: [mem 0x00000000fee00000-0x00000000fee00fff] reserved
[    0.000000] BIOS-e820: [mem 0x00000000fffc0000-0x00000000ffffffff] reserved
[    0.000000] NX (Execute Disable) protection: active
[    0.000000] SMBIOS 2.5 present.
[    0.000000] DMI: innotek GmbH VirtualBox/VirtualBox, BIOS VirtualBox 12/01/2006
[    0.000000] Hypervisor detected: KVM
[    0.000000] e820: last_pfn = 0x1fff0 max_arch_pfn = 0x400000000
[    0.000000] MTRR: Disabled
[    0.000000] x86/PAT: MTRRs disabled, skipping PAT initialization too.
[    0.000000] CPU MTRRs all blank - virtualized system.
[    0.000000] x86/PAT: Configuration [0-7]: WB  WT  UC- UC  WB  WT  UC- UC  
[    0.000000] found SMP MP-table at [mem 0x0009fff0-0x0009ffff] mapped at [        (ptrval)]
[    0.000000] Scanning 1 areas for low memory corruption
[    0.000000] RAMDISK: [mem 0x1dc43000-0x1eeccfff]
[    0.000000] ACPI: Early table checksum verification disabled
[    0.000000] ACPI: RSDP 0x00000000000E0000 000024 (v02 VBOX  )
[    0.000000] ACPI: XSDT 0x000000001FFF0030 00003C (v01 VBOX   VBOXXSDT 00000001 ASL  00000061)
[    0.000000] ACPI: FACP 0x000000001FFF00F0 0000F4 (v04 VBOX   VBOXFACP 00000001 ASL  00000061)
[    0.000000] ACPI: DSDT 0x000000001FFF0470 0022E9 (v02 VBOX   VBOXBIOS 00000002 INTL 20190509)
[    0.000000] ACPI: FACS 0x000000001FFF0200 000040
[    0.000000] ACPI: FACS 0x000000001FFF0200 000040
[    0.000000] ACPI: APIC 0x000000001FFF0240 000054 (v02 VBOX   VBOXAPIC 00000001 ASL  00000061)
[    0.000000] ACPI: SSDT 0x000000001FFF02A0 0001CC (v01 VBOX   VBOXCPUT 00000002 INTL 20190509)
[    0.000000] No NUMA configuration found
[    0.000000] Faking a node at [mem 0x0000000000000000-0x000000001ffeffff]
[    0.000000] NODE_DATA(0) allocated [mem 0x1ffc5000-0x1ffeffff]
[    0.000000] kvm-clock: cpu 0, msr 0:1ff44001, primary cpu clock
[    0.000000] kvm-clock: Using msrs 4b564d01 and 4b564d00
[    0.000000] kvm-clock: using sched offset of 4119714369 cycles
[    0.000000] clocksource: kvm-clock: mask: 0xffffffffffffffff max_cycles: 0x1cd42e4dffb, max_idle_ns: 881590591483 ns
[    0.000000] Zone ranges:
[    0.000000]   DMA      [mem 0x0000000000001000-0x0000000000ffffff]
[    0.000000]   DMA32    [mem 0x0000000001000000-0x000000001ffeffff]
[    0.000000]   Normal   empty
[    0.000000]   Device   empty
[    0.000000] Movable zone start for each node
[    0.000000] Early memory node ranges
[    0.000000]   node   0: [mem 0x0000000000001000-0x000000000009efff]
[    0.000000]   node   0: [mem 0x0000000000100000-0x000000001ffeffff]
[    0.000000] Reserved but unavailable: 114 pages
[    0.000000] Initmem setup node 0 [mem 0x0000000000001000-0x000000001ffeffff]
[    0.000000] ACPI: PM-Timer IO Port: 0x4008
[    0.000000] IOAPIC[0]: apic_id 1, version 32, address 0xfec00000, GSI 0-23
[    0.000000] ACPI: INT_SRC_OVR (bus 0 bus_irq 0 global_irq 2 dfl dfl)
[    0.000000] ACPI: INT_SRC_OVR (bus 0 bus_irq 9 global_irq 9 low level)
[    0.000000] Using ACPI (MADT) for SMP configuration information
[    0.000000] smpboot: Allowing 1 CPUs, 0 hotplug CPUs
[    0.000000] PM: Registered nosave memory: [mem 0x00000000-0x00000fff]
[    0.000000] PM: Registered nosave memory: [mem 0x0009f000-0x0009ffff]
[    0.000000] PM: Registered nosave memory: [mem 0x000a0000-0x000effff]
[    0.000000] PM: Registered nosave memory: [mem 0x000f0000-0x000fffff]
[    0.000000] e820: [mem 0x20000000-0xfebfffff] available for PCI devices
[    0.000000] Booting paravirtualized kernel on KVM
[    0.000000] clocksource: refined-jiffies: mask: 0xffffffff max_cycles: 0xffffffff, max_idle_ns: 7645519600211568 ns
[    0.000000] random: get_random_bytes called from start_kernel+0x99/0x4fd with crng_init=0
[    0.000000] setup_percpu: NR_CPUS:8192 nr_cpumask_bits:1 nr_cpu_ids:1 nr_node_ids:1
[    0.000000] percpu: Embedded 46 pages/cpu @        (ptrval) s151552 r8192 d28672 u2097152
[    0.000000] PV qspinlock hash table entries: 256 (order: 0, 4096 bytes)
[    0.000000] Built 1 zonelists, mobility grouping on.  Total pages: 128889
[    0.000000] Policy zone: DMA32
[    0.000000] Kernel command line: BOOT_IMAGE=/boot/vmlinuz-4.15.0-50-generic root=LABEL=cloudimg-rootfs ro console=tty1 console=ttyS0
[    0.000000] Memory: 467680K/523832K available (12300K kernel code, 2474K rwdata, 4276K rodata, 2412K init, 2416K bss, 56152K reserved, 0K cma-reserved)
[    0.000000] SLUB: HWalign=64, Order=0-3, MinObjects=0, CPUs=1, Nodes=1
[    0.000000] Kernel/User page tables isolation: enabled
[    0.000000] ftrace: allocating 39233 entries in 154 pages
[    0.004000] Hierarchical RCU implementation.
[    0.004000] 	RCU restricting CPUs from NR_CPUS=8192 to nr_cpu_ids=1.
[    0.004000] 	Tasks RCU enabled.
[    0.004000] RCU: Adjusting geometry for rcu_fanout_leaf=16, nr_cpu_ids=1
[    0.004000] NR_IRQS: 524544, nr_irqs: 256, preallocated irqs: 16
[    0.004000] Console: colour VGA+ 80x25
[    0.004000] console [tty1] enabled
[    0.004000] console [ttyS0] enabled
[    0.004000] ACPI: Core revision 20170831
[    0.004000] ACPI: 2 ACPI AML tables successfully acquired and loaded
[    0.004000] APIC: Switch to symmetric I/O mode setup
[    0.004000] x2apic enabled
[    0.004000] Switched APIC routing to physical x2apic.
[    0.004000] ..TIMER: vector=0x30 apic1=0 pin1=2 apic2=-1 pin2=-1
[    0.004005] tsc: Detected 1991.999 MHz processor
[    0.005061] Calibrating delay loop (skipped) preset value.. 3983.99 BogoMIPS (lpj=7967996)
[    0.008004] pid_max: default: 32768 minimum: 301
[    0.009011] Security Framework initialized
[    0.009870] Yama: becoming mindful.
[    0.010656] AppArmor: AppArmor initialized
[    0.012107] Dentry cache hash table entries: 65536 (order: 7, 524288 bytes)
[    0.013533] Inode-cache hash table entries: 32768 (order: 6, 262144 bytes)
[    0.014899] Mount-cache hash table entries: 1024 (order: 1, 8192 bytes)
[    0.016004] Mountpoint-cache hash table entries: 1024 (order: 1, 8192 bytes)
[    0.017813] mce: CPU supports 0 MCE banks
[    0.018684] process: using mwait in idle threads
[    0.020008] Last level iTLB entries: 4KB 64, 2MB 8, 4MB 8
[    0.021131] Last level dTLB entries: 4KB 64, 2MB 0, 4MB 0, 1GB 4
[    0.022393] Spectre V2 : Mitigation: Full generic retpoline
[    0.023587] Spectre V2 : Spectre v2 / SpectreRSB mitigation: Filling RSB on context switch
[    0.024003] Speculative Store Bypass: Vulnerable
[    0.025030] MDS: Mitigation: Clear CPU buffers
[    0.047266] Freeing SMP alternatives memory: 36K
[    0.052000] smpboot: CPU0: Intel(R) Core(TM) i3-6006U CPU @ 2.00GHz (family: 0x6, model: 0x4e, stepping: 0x3)
[    0.052000] Performance Events: unsupported p6 CPU model 78 no PMU driver, software events only.
[    0.052000] Hierarchical SRCU implementation.
[    0.052833] NMI watchdog: Perf event create on CPU 0 failed with -2
[    0.054384] NMI watchdog: Perf NMI watchdog permanently disabled
[    0.056081] smp: Bringing up secondary CPUs ...
[    0.057201] smp: Brought up 1 node, 1 CPU
[    0.058253] smpboot: Max logical packages: 1
[    0.060008] smpboot: Total of 1 processors activated (3983.99 BogoMIPS)
[    0.064183] devtmpfs: initialized
[    0.065362] x86/mm: Memory block size: 128MB
[    0.066879] evm: security.selinux
[    0.068009] evm: security.SMACK64
[    0.069140] evm: security.SMACK64EXEC
[    0.070220] evm: security.SMACK64TRANSMUTE
[    0.072005] evm: security.SMACK64MMAP
[    0.073113] evm: security.apparmor
[    0.074124] evm: security.ima
[    0.075137] evm: security.capability
[    0.076216] clocksource: jiffies: mask: 0xffffffff max_cycles: 0xffffffff, max_idle_ns: 7645041785100000 ns
[    0.079301] futex hash table entries: 256 (order: 2, 16384 bytes)
[    0.080087] pinctrl core: initialized pinctrl subsystem
[    0.084186] RTC time: 13:36:48, date: 06/22/19
[    0.085727] NET: Registered protocol family 16
[    0.087774] audit: initializing netlink subsys (disabled)
[    0.088239] cpuidle: using governor ladder
[    0.089634] cpuidle: using governor menu
[    0.092015] audit: type=2000 audit(1561210613.561:1): state=initialized audit_enabled=0 res=1
[    0.094547] ACPI: bus type PCI registered
[    0.096006] acpiphp: ACPI Hot Plug PCI Controller Driver version: 0.5
[    0.100180] PCI: Using configuration type 1 for base access
[    0.105081] HugeTLB registered 2.00 MiB page size, pre-allocated 0 pages
[    0.107300] ACPI: Added _OSI(Module Device)
[    0.108008] ACPI: Added _OSI(Processor Device)
[    0.109295] ACPI: Added _OSI(3.0 _SCP Extensions)
[    0.110266] ACPI: Added _OSI(Processor Aggregator Device)
[    0.111358] ACPI: Added _OSI(Linux-Dell-Video)
[    0.112020] ACPI: Added _OSI(Linux-Lenovo-NV-HDMI-Audio)
[    0.113110] ACPI: Added _OSI(Linux-HPI-Hybrid-Graphics)
[    0.114612] ACPI: Executed 1 blocks of module-level executable AML code
[    0.122048] ACPI: Interpreter enabled
[    0.123098] ACPI: (supports S0 S5)
[    0.123962] ACPI: Using IOAPIC for interrupt routing
[    0.124350] PCI: Using host bridge windows from ACPI; if necessary, use "pci=nocrs" and report a bug
[    0.126710] ACPI: Enabled 2 GPEs in block 00 to 07
[    0.136758] ACPI: PCI Root Bridge [PCI0] (domain 0000 [bus 00-ff])
[    0.138298] acpi PNP0A03:00: _OSC: OS supports [ASPM ClockPM Segments MSI]
[    0.140232] acpi PNP0A03:00: _OSC: not requesting OS control; OS requires [ExtendedConfig ASPM ClockPM MSI]
[    0.142236] acpi PNP0A03:00: fail to add MMCONFIG information, can't access extended PCI configuration space under this bridge.
[    0.144451] PCI host bridge to bus 0000:00
[    0.145428] pci_bus 0000:00: root bus resource [io  0x0000-0x0cf7 window]
[    0.148109] pci_bus 0000:00: root bus resource [io  0x0d00-0xffff window]
[    0.149479] pci_bus 0000:00: root bus resource [mem 0x000a0000-0x000bffff window]
[    0.151011] pci_bus 0000:00: root bus resource [mem 0x20000000-0xfdffffff window]
[    0.152006] pci_bus 0000:00: root bus resource [bus 00-ff]
[    0.156897] pci 0000:00:01.1: legacy IDE quirk: reg 0x10: [io  0x01f0-0x01f7]
[    0.160000] pci 0000:00:01.1: legacy IDE quirk: reg 0x14: [io  0x03f6]
[    0.160005] pci 0000:00:01.1: legacy IDE quirk: reg 0x18: [io  0x0170-0x0177]
[    0.162279] pci 0000:00:01.1: legacy IDE quirk: reg 0x1c: [io  0x0376]
[    0.179210] pci 0000:00:07.0: quirk: [io  0x4000-0x403f] claimed by PIIX4 ACPI
[    0.180037] pci 0000:00:07.0: quirk: [io  0x4100-0x410f] claimed by PIIX4 SMB
[    0.188106] ACPI: PCI Interrupt Link [LNKA] (IRQs 5 9 10 *11)
[    0.189742] ACPI: PCI Interrupt Link [LNKB] (IRQs 5 9 *10 11)
[    0.192126] ACPI: PCI Interrupt Link [LNKC] (IRQs 5 *9 10 11)
[    0.193477] ACPI: PCI Interrupt Link [LNKD] (IRQs 5 9 10 *11)
[    0.196088] SCSI subsystem initialized
[    0.197140] pci 0000:00:02.0: vgaarb: setting as boot VGA device
[    0.198442] pci 0000:00:02.0: vgaarb: VGA device added: decodes=io+mem,owns=io+mem,locks=none
[    0.200006] pci 0000:00:02.0: vgaarb: bridge control possible
[    0.201407] vgaarb: loaded
[    0.202155] ACPI: bus type USB registered
[    0.204040] usbcore: registered new interface driver usbfs
[    0.205366] usbcore: registered new interface driver hub
[    0.206649] usbcore: registered new device driver usb
[    0.208088] EDAC MC: Ver: 3.0.0
[    0.209250] PCI: Using ACPI for IRQ routing
[    0.210612] NetLabel: Initializing
[    0.212003] NetLabel:  domain hash size = 128
[    0.213081] NetLabel:  protocols = UNLABELED CIPSOv4 CALIPSO
[    0.214664] NetLabel:  unlabeled traffic allowed by default
[    0.216145] clocksource: Switched to clocksource kvm-clock
[    0.230914] VFS: Disk quotas dquot_6.6.0
[    0.232195] VFS: Dquot-cache hash table entries: 512 (order 0, 4096 bytes)
[    0.234069] AppArmor: AppArmor Filesystem Enabled
[    0.235306] pnp: PnP ACPI init
[    0.237524] pnp: PnP ACPI: found 3 devices
[    0.244554] clocksource: acpi_pm: mask: 0xffffff max_cycles: 0xffffff, max_idle_ns: 2085701024 ns
[    0.246823] NET: Registered protocol family 2
[    0.248130] TCP established hash table entries: 4096 (order: 3, 32768 bytes)
[    0.249703] TCP bind hash table entries: 4096 (order: 4, 65536 bytes)
[    0.250996] TCP: Hash tables configured (established 4096 bind 4096)
[    0.252339] UDP hash table entries: 256 (order: 1, 8192 bytes)
[    0.253524] UDP-Lite hash table entries: 256 (order: 1, 8192 bytes)
[    0.254847] NET: Registered protocol family 1
[    0.255772] pci 0000:00:00.0: Limiting direct PCI/PCI transfers
[    0.257028] pci 0000:00:01.0: Activating ISA DMA hang workarounds
[    0.258305] pci 0000:00:02.0: Video device with shadowed ROM at [mem 0x000c0000-0x000dffff]
[    0.260662] Unpacking initramfs...
[    0.656053] Freeing initrd memory: 18984K
[    0.658012] clocksource: tsc: mask: 0xffffffffffffffff max_cycles: 0x396d4ffc055, max_idle_ns: 881590662783 ns
[    0.660029] platform rtc_cmos: registered platform RTC device (no PNP device found)
[    0.661705] Scanning for low memory corruption every 60 seconds
[    0.663504] Initialise system trusted keyrings
[    0.664552] Key type blacklist registered
[    0.665474] workingset: timestamp_bits=36 max_order=17 bucket_order=0
[    0.668107] zbud: loaded
[    0.669369] squashfs: version 4.0 (2009/01/31) Phillip Lougher
[    0.670698] fuse init (API version 7.26)
[    0.672560] Key type asymmetric registered
[    0.673448] Asymmetric key parser 'x509' registered
[    0.674488] Block layer SCSI generic (bsg) driver version 0.4 loaded (major 246)
[    0.676033] io scheduler noop registered
[    0.677002] io scheduler deadline registered
[    0.677943] io scheduler cfq registered (default)
[    0.679182] ACPI: AC Adapter [AC] (on-line)
[    0.680221] input: Power Button as /devices/LNXSYSTM:00/LNXPWRBN:00/input/input0
[    0.681923] ACPI: Power Button [PWRF]
[    0.682818] input: Sleep Button as /devices/LNXSYSTM:00/LNXSLPBN:00/input/input1
[    0.684344] ACPI: Sleep Button [SLPF]
[    0.688008] ACPI: Battery Slot [BAT0] (battery present)
[    0.689490] Serial: 8250/16550 driver, 32 ports, IRQ sharing enabled
[    0.712666] 00:02: ttyS0 at I/O 0x3f8(irq = 4, base_baud = 115200) is a 16550A
    0.715904] Linux agpgart interface v0.103
[    0.717983] loop: module loaded
[    0.719249] scsi host0: ata_piix
[    0.720044] scsi host1: ata_piix
[    0.720838] ata1: PATA max UDMA/33 cmd 0x1f0 ctl 0x3f6 bmdma 0xd000 irq 14
[    0.724326] ata2: PATA max UDMA/33 cmd 0x170 ctl 0x376 bmdma 0xd008 irq 15
[    0.726501] libphy: Fixed MDIO Bus: probed
[    0.727370] tun: Universal TUN/TAP device driver, 1.6
[    0.728485] PPP generic driver version 2.4.2
[    0.729436] ehci_hcd: USB 2.0 'Enhanced' Host Controller (EHCI) Driver
[    0.730738] ehci-pci: EHCI PCI platform driver
[    0.731719] ehci-platform: EHCI generic platform driver
[    0.732987] ohci_hcd: USB 1.1 'Open' Host Controller (OHCI) Driver
[    0.734225] ohci-pci: OHCI PCI platform driver
[    0.735155] ohci-platform: OHCI generic platform driver
[    0.736255] uhci_hcd: USB Universal Host Controller Interface driver
[    0.737666] i8042: PNP: PS/2 Controller [PNP0303:PS2K,PNP0f03:PS2M] at 0x60,0x64 irq 1,12
[    0.739851] serio: i8042 KBD port at 0x60,0x64 irq 1
[    0.740950] serio: i8042 AUX port at 0x60,0x64 irq 12
[    0.742198] mousedev: PS/2 mouse device common for all mice
[    0.743615] input: AT Translated Set 2 keyboard as /devices/platform/i8042/serio0/input/input2
[    0.748809] rtc_cmos rtc_cmos: rtc core: registered rtc_cmos as rtc0
[    0.750679] rtc_cmos rtc_cmos: alarms up to one day, 114 bytes nvram
[    0.752421] i2c /dev entries driver
[    0.753325] pcie_mp2_amd: AMD(R) PCI-E MP2 Communication Driver Version: 1.0
[    0.755052] device-mapper: uevent: version 1.0.3
[    0.756220] device-mapper: ioctl: 4.37.0-ioctl (2017-09-20) initialised: dm-devel@redhat.com
[    0.758400] ledtrig-cpu: registered to indicate activity on CPUs
[    0.759965] intel_pmc_core:  initialized
[    0.761218] NET: Registered protocol family 10
[    0.766240] Segment Routing with IPv6
[    0.767243] NET: Registered protocol family 17
[    0.768539] Key type dns_resolver registered
[    0.769732] RAS: Correctable Errors collector initialized.
[    0.771061] sched_clock: Marking stable (768464547, 0)->(1065376248, -296911701)
[    0.773150] registered taskstats version 1
[    0.774180] Loading compiled-in X.509 certificates
[    0.778072] Loaded X.509 cert 'Build time autogenerated kernel key: 0d5cb4b7de8533fd8e7240d711ae9d354ea3dca1'
[    0.780449] zswap: loaded using pool lzo/zbud
[    0.785109] Key type big_key registered
[    0.786207] Key type trusted registered
[    0.789214] Key type encrypted registered
[    0.790093] AppArmor: AppArmor sha1 policy hashing enabled
[    0.791210] ima: No TPM chip found, activating TPM-bypass! (rc=-19)
[    0.792559] ima: Allocated hash algorithm: sha1
[    0.795467] evm: HMAC attrs: 0x1
[    0.797129]   Magic number: 7:612:635
[    0.798056] rtc_cmos rtc_cmos: setting system clock to 2019-06-22 13:36:49 UTC (1561210609)
[    0.799823] BIOS EDD facility v0.16 2004-Jun-25, 0 devices found
[    0.801326] EDD information not available.
[    0.892457] Freeing unused kernel image memory: 2412K
[    0.900178] Write protecting the kernel read-only data: 20480k
[    0.904694] Freeing unused kernel image memory: 2008K
[    0.908475] Freeing unused kernel image memory: 1868K
[    0.923013] x86/mm: Checked W+X mappings: passed, no W+X pages found.
[    0.924444] x86/mm: Checking user space page tables
[    0.933624] x86/mm: Checked W+X mappings: passed, no W+X pages found.
Loading, please wait...
starting version 237
[    1.070000] e1000: Intel(R) PRO/1000 Network Driver - version 7.3.21-k8-NAPI
[    1.071754] e1000: Copyright (c) 1999-2006 Intel Corporation.
[    1.076362] Fusion MPT base driver 3.04.20
[    1.077455] Copyright (c) 1999-2008 LSI Corporation
[    1.102541] Fusion MPT SPI Host driver 3.04.20
[    1.135061] AVX2 version of gcm_enc/dec engaged.
[    1.136312] AES CTR mode by8 optimization enabled
[    1.140596] mptbase: ioc0: Initiating bringup
[    1.236294] ioc0: LSI53C1030 A0: Capabilities={Initiator}
[    1.302222] input: ImExPS/2 Generic Explorer Mouse as /devices/platform/i8042/serio1/input/input4
[    1.484959] scsi host2: ioc0: LSI53C1030 A0, FwRev=00000000h, Ports=1, MaxQ=256, IRQ=20
[    1.657484] scsi 2:0:0:0: Direct-Access     VBOX     HARDDISK         1.0  PQ: 0 ANSI: 5
[    1.669230] scsi target2:0:0: Beginning Domain Validation
[    1.675714] random: fast init done
[    1.678200] scsi target2:0:0: Domain Validation skipping write tests
[    1.682313] scsi target2:0:0: Ending Domain Validation
[    1.685781] scsi target2:0:0: asynchronous
[    1.688909] scsi 2:0:1:0: Direct-Access     VBOX     HARDDISK         1.0  PQ: 0 ANSI: 5
[    1.692342] scsi target2:0:1: Beginning Domain Validation
[    1.696275] scsi target2:0:1: Domain Validation skipping write tests
[    1.698068] scsi target2:0:1: Ending Domain Validation
[    1.699561] scsi target2:0:1: asynchronous
[    1.709590] sd 2:0:0:0: Attached scsi generic sg0 type 0
[    1.710957] sd 2:0:0:0: [sda] 20971520 512-byte logical blocks: (10.7 GB/10.0 GiB)
[    1.713186] sd 2:0:1:0: [sdb] 20480 512-byte logical blocks: (10.5 MB/10.0 MiB)
[    1.715024] sd 2:0:1:0: [sdb] Write Protect is off
[    1.716291] sd 2:0:0:0: [sda] Write Protect is off
[    1.717688] sd 2:0:1:0: [sdb] Incomplete mode parameter data
[    1.719144] sd 2:0:1:0: [sdb] Assuming drive cache: write through
[    1.720684] sd 2:0:1:0: Attached scsi generic sg1 type 0
[    1.722456] random: systemd-udevd: uninitialized urandom read (16 bytes read)
[    1.724604] sd 2:0:0:0: [sda] Incomplete mode parameter data
[    1.725777] sd 2:0:0:0: [sda] Assuming drive cache: write through
[    1.727150] random: systemd-udevd: uninitialized urandom read (16 bytes read)
[    1.733844] random: systemd-udevd: uninitialized urandom read (16 bytes read)
[    1.745246]  sda: sda1
[    1.746449] sd 2:0:0:0: [sda] Attached SCSI disk
[    1.784814] sd 2:0:1:0: [sdb] Attached SCSI disk
[    2.110494] e1000 0000:00:03.0 eth0: (PCI:33MHz:32-bit) 02:74:f0:c0:9d:60
[    2.111913] e1000 0000:00:03.0 eth0: Intel(R) PRO/1000 Network Connection
[    2.114563] e1000 0000:00:03.0 enp0s3: renamed from eth0
Begin: Loading essential drivers ... [    3.682050] raid6: sse2x1   gen()  7874 MB/s
[    3.742027] raid6: sse2x1   xor()  5762 MB/s
[    3.796724] raid6: sse2x2   gen()  8413 MB/s
[    3.852033] raid6: sse2x2   xor()  6547 MB/s
[    3.912036] raid6: sse2x4   gen() 11107 MB/s
[    3.972033] raid6: sse2x4   xor()  7108 MB/s
[    4.032057] raid6: avx2x1   gen() 15720 MB/s
[    4.092053] raid6: avx2x1   xor() 11016 MB/s
[    4.152059] raid6: avx2x2   gen() 19156 MB/s
[    4.212083] raid6: avx2x2   xor() 11559 MB/s
[    4.272078] raid6: avx2x4   gen() 21734 MB/s
[    4.322061] raid6: avx2x4   xor() 12358 MB/s
[    4.323178] raid6: using algorithm avx2x4 gen() 21734 MB/s
[    4.324502] raid6: .... xor() 12358 MB/s, rmw enabled
[    4.325722] raid6: using avx2x2 recovery algorithm
[    4.329540] xor: automatically using best checksumming function   avx       
[    4.334391] async_tx: api initialized (async)
done.
Begin: Running /scripts/init-premount ... done.
Begin: Mounting root file system ... Begin: Running /scripts/local-top ... done.
Begin: Running /scripts/local-premount ... [    4.410786] Btrfs loaded, crc32c=crc32c-intel
Scanning for Btrfs filesystems
done.
Warning: fsck not present, so skipping root file system
[    4.550769] EXT4-fs (sda1): mounted filesystem with ordered data mode. Opts: (null)
done.
Begin: Running /scripts/local-bottom ... done.
Begin: Running /scripts/init-bottom ... done.
[    5.222014] ip_tables: (C) 2000-2006 Netfilter Core Team
[    5.356790] systemd[1]: systemd 237 running in system mode. (+PAM +AUDIT +SELINUX +IMA +APPARMOR +SMACK +SYSVINIT +UTMP +LIBCRYPTSETUP +GCRYPT +GNUTLS +ACL +XZ +LZ4 +SECCOMP +BLKID +ELFUTILS +KMOD -IDN2 +IDN -PCRE2 default-hierarchy=hybrid)
[    5.370433] systemd[1]: Detected virtualization oracle.
[    5.372486] systemd[1]: Detected architecture x86-64.

Welcome to [1mUbuntu 18.04.2 LTS[0m!

[    5.378933] systemd[1]: Set hostname to <ubuntu>.
[    5.396954] systemd[1]: Initializing machine ID from random generator.
[    5.398585] systemd[1]: Installed transient /etc/machine-id file.
[    6.036875] random: crng init done
[    6.039844] random: 7 urandom warning(s) missed due to ratelimiting
[    6.193183] systemd[1]: Reached target Swap.
[[0;32m  OK  [0m] Reached target Swap.
[    6.199404] systemd[1]: Created slice User and Session Slice.
[[0;32m  OK  [0m] Created slice User and Session Slice.
[    6.203283] systemd[1]: Created slice System Slice.
[[0;32m  OK  [0m] Created slice System Slice.
[    6.206197] systemd[1]: Created slice system-serial\x2dgetty.slice.
[[0;32m  OK  [0m] Created slice system-serial\x2dgetty.slice.
[[0;32m  OK  [0m] Listening on Device-mapper event daemon FIFOs.
[[0;32m  OK  [0m] Listening on LVM2 metadata daemon socket.
[[0;32m  OK  [0m] Listening on Journal Audit Socket.
[[0;32m  OK  [0m] Reached target Slices.
[[0;32m  OK  [0m] Listening on Journal Socket (/dev/log).
[[0;32m  OK  [0m] Listening on LVM2 poll daemon socket.
[[0;32m  OK  [0m] Listening on Journal Socket.
         Starting Monitoring of LVM2 mirrorsâ€¦ng dmeventd or progress polling...
         Starting Uncomplicated firewall...
         Mounting Kernel Debug File System...
         Starting Load Kernel Modules...
         Starting Set the console keyboard layout...
         Mounting POSIX Message Queue File System...
[[0;32m  OK  [0m] Listening on udev Control Socket.
[[0;32m  OK  [0m] Listening on Syslog Socket.
         Starting Journal Service...
[[0;32m  OK  [0m] Listening on Network Service Netlink Socket.
[[0;32m  OK  [0m] Set up automount Arbitrary Executabâ€¦rmats File System Automount Point.
[    6.349956] Loading iSCSI transport class v2.0-870.
[[0;32m  OK  [0m] Started Forward Password Requests to Wall Directory Watch.
         Starting Create list of required stâ€¦ce nodes for the current kernel...
[[0;32m  OK  [0m] Reached target System Time Synchronized.
         Starting Remount Root and Kernel File Systems...
[[0;32m  OK  [0m] Reached target User and Group Name Lookups.
         Mounting Huge Pages File System...
[[0;32m  OK  [0m] Listening on /dev/initctl Compatibility Named Pipe.
[[0;32m  OK  [0m] Listening on udev Kernel Socket.
         Starting udev Coldplug all Devices...
[[0;32m  OK  [0m] Started Uncomplicated firewall.
[[0;32m  OK  [0m] Started Journal Service.
[    6.507148] iscsi: registered transport (tcp)
[[0;32m  OK  [0m] Started Create list of required staâ€¦vice nodes for the current kernel.
         Starting Create Static Device Nodes in /dev...
[    6.612714] iscsi: registered transport (iser)
[[0;32m  OK  [0m] Started Load Kernel Modules.
         Mounting Kernel Configuration File System...
         Mounting FUSE Control File System...
         Starting Apply Kernel Variables...
[[0;32m  OK  [0m] Started udev Coldplug all Devices.
[[0;32m  OK  [0m] Started Create Static Device Nodes in /dev.
[[0;32m  OK  [0m] Started Apply Kernel Variables.
[[0;32m  OK  [0m] Mounted Kernel Debug File System.
[[0;32m  OK  [0m] Mounted POSIX Message Queue File System.
[[0;32m  OK  [0m] Mounted Huge Pages File System.
[[0;32m  OK  [0m] Mounted Kernel Configuration File System.
[[0;32m  OK  [0m] Mounted FUSE Control File System.
[[0;32m  OK  [0m] Started Remount Root and Kernel File Systems.
         Starting Load/Save Random Seed...
         Starting Flush Journal to Persistent Storage...
         Starting udev Kernel Device Manager...
[[0;32m  OK  [0m] Started Load/Save Random Seed.
[[0;32m  OK  [0m] Started LVM2 metadata daemon.
[[0;32m  OK  [0m] Started Set the console keyboard layout.
[[0;32m  OK  [0m] Started udev Kernel Device Manager.
[[0;32m  OK  [0m] Started Dispatch Password Requests to Console Directory Watch.
[[0;32m  OK  [0m] Reached target Local Encrypted Volumes.
[[0;32m  OK  [0m] Started Monitoring of LVM2 mirrors,â€¦sing dmeventd or progress polling.
[[0;32m  OK  [0m] Reached target Local File Systems (Pre).
[[0;32m  OK  [0m] Reached target Local File Systems.
         Starting ebtables ruleset management...
         Starting Set console font and keymap...
         Starting Commit a transient machine-id on disk...
         Starting AppArmor initialization...
         Starting Tell Plymouth To Write Out Runtime Data...
[[0;32m  OK  [0m] Started Set console font and keymap.
[[0;32m  OK  [0m] Started Flush Journal to Persistent Storage.
         Starting Create Volatile Files and Directories...
[[0;32m  OK  [0m] Started Tell Plymouth To Write Out Runtime Data.
[[0;32m  OK  [0m] Started Commit a transient machine-id on disk.
[[0;32m  OK  [0m] Started Create Volatile Files and Directories.
         Starting Update UTMP about System Boot/Shutdown...
[[0;32m  OK  [0m] Started Update UTMP about System Boot/Shutdown.
[[0;32m  OK  [0m] Started ebtables ruleset management.
[[0;32m  OK  [0m] Found device /dev/ttyS0.
[[0;32m  OK  [0m] Listening on Load/Save RF Kill Switch Status /dev/rfkill Watch.
[[0;32m  OK  [0m] Started AppArmor initialization.
         Starting Initial cloud-init job (pre-networking)...
[   12.391431] cloud-init[534]: Cloud-init v. 18.5-45-g3554ffe8-0ubuntu1~18.04.1 running 'init-local' at Sat, 22 Jun 2019 13:37:00 +0000. Up 11.53 seconds.
[[0;32m  OK  [0m] Started Initial cloud-init job (pre-networking).
[[0;32m  OK  [0m] Reached target Network (Pre).
         Starting Network Service...
[[0;32m  OK  [0m] Started Network Service.
         Starting Network Name Resolution...
         Starting Wait for Network to be Configured...
[[0;32m  OK  [0m] Started Network Name Resolution.
[[0;32m  OK  [0m] Reached target Host and Network Name Lookups.
[[0;32m  OK  [0m] Reached target Network.
[[0;32m  OK  [0m] Started Wait for Network to be Configured.
         Starting Initial cloud-init job (metadata service crawler)...
[   14.461322] cloud-init[634]: Cloud-init v. 18.5-45-g3554ffe8-0ubuntu1~18.04.1 running 'init' at Sat, 22 Jun 2019 13:37:02 +0000. Up 14.24 seconds.
[   14.465686] cloud-init[634]: ci-info: ++++++++++++++++++++++++++++++++++++++Net device info++++++++++++++++++++++++++++++++++++++
[   14.468268] cloud-init[634]: ci-info: +--------+------+----------------------------+---------------+--------+-------------------+
[   14.471995] cloud-init[634]: ci-info: | Device |  Up  |          Address           |      Mask     | Scope  |     Hw-Address    |
[   14.475611] cloud-init[634]: ci-info: +--------+------+----------------------------+---------------+--------+-------------------+
[   14.478007] cloud-init[634]: ci-info: | enp0s3 | True |         10.0.2.15          | 255.255.255.0 | global | 02:74:f0:c0:9d:60 |
[   14.481808] cloud-init[634]: ci-info: | enp0s3 | True | fe80::74:f0ff:fec0:9d60/64 |       .       |  link  | 02:74:f0:c0:9d:60 |
[   14.486035] cloud-init[634]: ci-info: |   lo   | True |         127.0.0.1          |   255.0.0.0   |  host  |         .         |
[   14.490599] cloud-init[634]: ci-info: |   lo   | True |          ::1/128           |       .       |  host  |         .         |
[   14.492915] cloud-init[634]: ci-info: +--------+------+----------------------------+---------------+--------+-------------------+
[   14.495146] cloud-init[634]: ci-info: ++++++++++++++++++++++++++++Route IPv4 info+++++++++++++++++++++++++++++
[   14.497174] cloud-init[634]: ci-info: +-------+-------------+----------+-----------------+-----------+-------+
[   14.499147] cloud-init[634]: ci-info: | Route | Destination | Gateway  |     Genmask     | Interface | Flags |
[   14.500981] cloud-init[634]: ci-info: +-------+-------------+----------+-----------------+-----------+-------+
[   14.502961] cloud-init[634]: ci-info: |   0   |   0.0.0.0   | 10.0.2.2 |     0.0.0.0     |   enp0s3  |   UG  |
[   14.504981] cloud-init[634]: ci-info: |   1   |   10.0.2.0  | 0.0.0.0  |  255.255.255.0  |   enp0s3  |   U   |
[   14.506946] cloud-init[634]: ci-info: |   2   |   10.0.2.2  | 0.0.0.0  | 255.255.255.255 |   enp0s3  |   UH  |
[   14.508955] cloud-init[634]: ci-info: +-------+-------------+----------+-----------------+-----------+-------+
[   14.510918] cloud-init[634]: ci-info: +++++++++++++++++++Route IPv6 info+++++++++++++++++++
[   14.519088] cloud-init[634]: ci-info: +-------+-------------+---------+-----------+-------+
[   14.522879] cloud-init[634]: ci-info: | Route | Destination | Gateway | Interface | Flags |
[   14.526540] cloud-init[634]: ci-info: +-------+-------------+---------+-----------+-------+
[   14.528316] cloud-init[634]: ci-info: |   1   |  fe80::/64  |    ::   |   enp0s3  |   U   |
[   14.530064] cloud-init[634]: ci-info: |   3   |    local    |    ::   |   enp0s3  |   U   |
[   14.531849] cloud-init[634]: ci-info: |   4   |   ff00::/8  |    ::   |   enp0s3  |   U   |
[   14.533633] cloud-init[634]: ci-info: +-------+-------------+---------+-----------+-------+
[   16.710250] cloud-init[634]: Generating public/private rsa key pair.
[   16.711212] cloud-init[634]: Your identification has been saved in /etc/ssh/ssh_host_rsa_key.
[   16.712796] cloud-init[634]: Your public key has been saved in /etc/ssh/ssh_host_rsa_key.pub.
[   16.716742] cloud-init[634]: The key fingerprint is:
[   16.717246] cloud-init[634]: SHA256:v6h4r7XNru6Dewqu2PhXQ8WUU8NZoKVTwTxSxSMkNHo root@ubuntu-bionic
[   16.718709] cloud-init[634]: The key's randomart image is:
[   16.719722] cloud-init[634]: +---[RSA 2048]----+
[   16.724244] cloud-init[634]: |       +=OXBo    |
[   16.725374] cloud-init[634]: |       .*BB.o    |
[   16.726292] cloud-init[634]: |      ..Eo o .   |
[   16.727192] cloud-init[634]: |      .. .       |
[   16.732266] cloud-init[634]: |     .  S        |
[   16.733212] cloud-init[634]: |      o  .       |
[   16.734243] cloud-init[634]: |    .. o. .      |
[   16.735151] cloud-init[634]: | + ..oo.o= .     |
[   16.736607] cloud-init[634]: |o.+oo.=XB+=      |
[   16.740746] cloud-init[634]: +----[SHA256]-----+
[   16.741692] cloud-init[634]: Generating public/private dsa key pair.
[   16.748972] cloud-init[634]: Your identification has been saved in /etc/ssh/ssh_host_dsa_key.
[   16.749996] cloud-init[634]: Your public key has been saved in /etc/ssh/ssh_host_dsa_key.pub.
[   16.751043] cloud-init[634]: The key fingerprint is:
[   16.751997] cloud-init[634]: SHA256:e8hDEq9NxKRkRzYfJS2PKP2IiHNOm7+PTdoovhTTpyc root@ubuntu-bionic
[   16.756225] cloud-init[634]: The key's randomart image is:
[   16.757405] cloud-init[634]: +---[DSA 1024]----+
[   16.758034] cloud-init[634]: |      o.* oo.    |
[   16.760257] cloud-init[634]: |     o * o.o.    |
[   16.764256] cloud-init[634]: |      o.o..+     |
[   16.765409] cloud-init[634]: |     ..+o . .    |
[   16.768214] cloud-init[634]: |   .o.ooSo       |
[   16.772220] cloud-init[634]: |  o +o.X.o.      |
[   16.773349] cloud-init[634]: |   =.oE O .      |
[   16.774434] cloud-init[634]: |   .=  X o       |
[   16.780180] cloud-init[634]: |   .o+*o+        |
[   16.781345] cloud-init[634]: +----[SHA256]-----+
[   16.782422] cloud-init[634]: Generating public/private ecdsa key pair.
[   16.783817] cloud-init[634]: Your identification has been saved in /etc/ssh/ssh_host_ecdsa_key.
[   16.790242] cloud-init[634]: Your public key has been saved in /etc/ssh/ssh_host_ecdsa_key.pub.
[   16.791810] cloud-init[634]: The key fingerprint is:
[   16.792956] cloud-init[634]: SHA256:0IliqENF72icj+8KQcotsNx4ioi1a120bpw4eb6cK9M root@ubuntu-bionic
[   16.800768] cloud-init[634]: The key's randomart image is:
[   16.802017] cloud-init[634]: +---[ECDSA 256]---+
[   16.803096] cloud-init[634]: |  .o             |
[   16.804216] cloud-init[634]: |  ...  o .       |
[   16.808286] cloud-init[634]: |.o. o.o o        |
[   16.809435] cloud-init[634]: |Bo=.+...         |
[   16.812249] cloud-init[634]: |=*.O o .S        |
[   16.816206] cloud-init[634]: |+o*.o o          |
[   16.817345] cloud-init[634]: |+o.o O .         |
[   16.818572] cloud-init[634]: |  o.O.E.         |
[   16.825739] cloud-init[634]: | ...oX*o         |
[   16.827019] cloud-init[634]: +----[SHA256]-----+
[   16.827955] cloud-init[634]: Generating public/private ed25519 key pair.
[   16.829183] cloud-init[634]: Your identification has been saved in /etc/ssh/ssh_host_ed25519_key.
[   16.832267] cloud-init[634]: Your public key has been saved in /etc/ssh/ssh_host_ed25519_key.pub.
[   16.836952] cloud-init[634]: The key fingerprint is:
[   16.838106] cloud-init[634]: SHA256:wWr3xuDf/kNxjiBCx0GZnRRYeAdHCjwyD0UAeF7QYiw root@ubuntu-bionic
[[0;32m  OK  [0m] Started Initial cloud-init job (metadata service crawler).
[[0;32m  OK  [0m] Reached target Network is Online.[   16.844306] cloud-init[634]: The key's randomart image is:
[   16.845512] cloud-init[634]: +--[ED25519 256]--+
[   16.846574] cloud-init[634]: |     oo+.B*X==o  |
[   16.847664] cloud-init[634]: 
|    E =.B X.+o.  |
[[0;32m  OK  [0m] Reached target Remote File Systems (Pre).
[[0;32m  OK  [0m] Reached target Remote File Systems.
[   16.852414] cloud-init[634]: |     = +o* o..   |
         Starting Availability of block devices...
[[0;32m  OK  [0m] Reached target System Initialization.
[[0;32m  OK  [0m] Started ACPI Events Check.
[[0;32m  OK  [0m] Listening on D-Bus System Message Bus Socket.
[[0;32m  OK  [0m] Started Daily Cleanup of Temporary Directories.
[[0;32m  OK  [0m] Listening on ACPID Listen Socket.
[[0;32m  OK  [0m] Started Discard unused blocks once a week.
[   16.864120] cloud-init[634]: |      ....o . . .|
[   16.868064] cloud-init[634]: |      o S. . . = |
[   16.882327] cloud-init[634]: |     . o +    o .|
[   16.882932] cloud-init[634]: |        . +  .   |
[   16.883483] cloud-init[634]: |         o .  .  |
         Starting LXD - unix socket.
         Starting Socket activation for snappy daemon.
[   16.890020] cloud-init[634]: |          ..o... |
[[0;32m  OK  [0m] Listening on UUID daemon activation socket.
[[0;32m  OK  [0m] Listening on Open-iSCSI iscsid Socket.
[[0;32m  OK  [0m] Reached target Paths.
[[   16.893192] cloud-init[634]: +----[SHA256]-----+
[0;32m  OK  [0m] Started Daily apt download activities.
[[0;32m  OK  [0m] Started Daily apt upgrade and clean activities.
[[0;32m  OK  [0m] Started Message of the Day.
[[0;32m  OK  [0m] Reached target Timers.
[[0;32m  OK  [0m] Reached target Cloud-config availability.
[[0;32m  OK  [0m] Started Availability of block devices.
[[0;32m  OK  [0m] Listening on LXD - unix socket.
[[0;32m  OK  [0m] Listening on Socket activation for snappy daemon.
[[0;32m  OK  [0m] Reached target Sockets.
[[0;32m  OK  [0m] Reached target Basic System.
         Starting Accounts Service...
[[0;32m  OK  [0m] Started Deferred execution scheduler.
[[0;32m  OK  [0m] Started D-Bus System Message Bus.
         Starting Virtualbox guest utils...
[[0;32m  OK  [0m] Started FUSE filesystem for LXC.
         Starting Login Service...
         Starting Snappy daemon...
         Starting Dispatcher daemon for systemd-networkd...
         Starting LSB: Record successful boot for GRUB...
         Starting LXD - container startup/shutdown...
         Starting Permit User Sessions...
[[0;32m  OK  [0m] Started irqbalance daemon.
         Starting LSB: automatic crash report generation...
[[0;32m  OK  [0m] Started Regular background program processing daemon.
         Starting System Logging Service...
         Starting Pollinate to seed the pseudo random number generator...
[[0;32m  OK  [0m] Started Permit User Sessions.
[[0;32m  OK  [0m] Started Login Service.
         Starting Authorization Manager...
[[0;32m  OK  [0m] Started Unattended Upgrades Shutdown.
         Starting Hold until boot process finishes up...
         Starting Terminate Plymouth Boot Screen...
[[0;32m  OK  [0m] Started Hold until boot process finishes up.
         Starting Set console scheme...
[[0;32m  OK  [0m] Started Serial Getty on ttyS0.
[[0;32m  OK  [0m] Started Terminate Plymouth Boot Screen.
[[0;32m  OK  [0m] Started Set console scheme.
[[0;32m  OK  [0m] Created slice system-getty.slice.
[[0;32m  OK  [0m] Started Getty on tty1.
[[0;32m  OK  [0m] Reached target Login Prompts.
[[0;32m  OK  [0m] Started LSB: automatic crash report generation.
[[0;32m  OK  [0m] Started Authorization Manager.
[[0;32m  OK  [0m] Started Accounts Service.
[[0;32m  OK  [0m] Started LSB: Record successful boot for GRUB.
[[0;32m  OK  [0m] Started System Logging Service.
[[0;32m  OK  [0m] Started Virtualbox guest utils.
[[0;32m  OK  [0m] Started Dispatcher daemon for systemd-networkd.
[[0;32m  OK  [0m] Started LXD - container startup/shutdown.
[[0;32m  OK  [0m] Started Snappy daemon.
         Starting Wait until snapd is fully seeded...
[[0;32m  OK  [0m] Started Pollinate to seed the pseudo random number generator.
         Starting OpenBSD Secure Shell server...
[[0;32m  OK  [0m] Started OpenBSD Secure Shell server.
[[0;32m  OK  [0m] Created slice User Slice of vagrant.
[[0;32m  OK  [0m] Started Session 1 of user vagrant.
         Starting User Manager for UID 1000...

Ubuntu 18.04.2 LTS ubuntu-bionic ttyS0

ubuntu-bionic login: [   28.391069] cloud-init[1200]: Cloud-init v. 18.5-45-g3554ffe8-0ubuntu1~18.04.1 running 'modules:config' at Sat, 22 Jun 2019 13:37:14 +0000. Up 26.16 seconds.
ci-info: no authorized ssh keys fingerprints found for user ubuntu.
<14>Jun 22 13:37:18 ec2: 
<14>Jun 22 13:37:18 ec2: #############################################################
<14>Jun 22 13:37:18 ec2: -----BEGIN SSH HOST KEY FINGERPRINTS-----
<14>Jun 22 13:37:18 ec2: 1024 SHA256:e8hDEq9NxKRkRzYfJS2PKP2IiHNOm7+PTdoovhTTpyc root@ubuntu-bionic (DSA)
<14>Jun 22 13:37:18 ec2: 256 SHA256:0IliqENF72icj+8KQcotsNx4ioi1a120bpw4eb6cK9M root@ubuntu-bionic (ECDSA)
<14>Jun 22 13:37:18 ec2: 256 SHA256:wWr3xuDf/kNxjiBCx0GZnRRYeAdHCjwyD0UAeF7QYiw root@ubuntu-bionic (ED25519)
<14>Jun 22 13:37:18 ec2: 2048 SHA256:v6h4r7XNru6Dewqu2PhXQ8WUU8NZoKVTwTxSxSMkNHo root@ubuntu-bionic (RSA)
<14>Jun 22 13:37:18 ec2: -----END SSH HOST KEY FINGERPRINTS-----
<14>Jun 22 13:37:18 ec2: #############################################################
-----BEGIN SSH HOST KEY KEYS-----
ecdsa-sha2-nistp256 AAAAE2VjZHNhLXNoYTItbmlzdHAyNTYAAAAIbmlzdHAyNTYAAABBBDKNu31UEhRx6bFoXbPXSlkaS5zbHqgas3OpuzAp2E4xxOdJFbePAKwSWjEIguR6BFRa0FHcIN0B4319IRpV1k4= root@ubuntu-bionic
ssh-ed25519 AAAAC3NzaC1lZDI1NTE5AAAAIH2z+bqiRzcS+tov9InJ8rzMuoC/G6uhzAXJlJwcNI38 root@ubuntu-bionic
ssh-rsa AAAAB3NzaC1yc2EAAAADAQABAAABAQDWrVEYCFIu/7yDyN6reADky2+N35mLlTalFkrF4c0XjfaULnN4fmFXGfURp2e+n/YXnyEk073WxDHS0Qp5frpCZiQx4RHJRwKP0zQmXSXIMNlbXChZYPoDLZNhsptHcViJ4X/oVNsT5Ekok8lG3xJ9qtsw8VbaRy5KCmtqGHJbN2gkMMkYKxVnmWi/oeQcp2FMBZYSu8G7F2De1+zFzRfRBVhXVcMWlAHGqjDM+vumCqiqL18DAOa4Vs4Vjb8/C71Nf/fj8s888GvMYRbqoMVfa0aXqbY7xc/vyhmmWl6nXJSQx9pcayQkXEXTV48nmLLKdF4YCyfc+063PyCE3Rg9 root@ubuntu-bionic
-----END SSH HOST KEY KEYS-----
[   29.413921] cloud-init[1422]: Cloud-init v. 18.5-45-g3554ffe8-0ubuntu1~18.04.1 running 'modules:final' at Sat, 22 Jun 2019 13:37:17 +0000. Up 29.16 seconds.
[   29.424174] cloud-init[1422]: ci-info: no authorized ssh keys fingerprints found for user ubuntu.
[   29.431672] cloud-init[1422]: Cloud-init v. 18.5-45-g3554ffe8-0ubuntu1~18.04.1 finished at Sat, 22 Jun 2019 13:37:18 +0000. Datasource DataSourceNoCloud [seed=/dev/sdb][dsmode=net].  Up 29.40 seconds
[[0;32m  OK  [0m] Stopped target Host and Network Name Lookups.
         Stopping Docker Application Container Engine...
[[0;32m  OK  [0m] Stopped target Graphical Interface.
         Stopping Availability of block devices...
[[0;32m  OK  [0m] Stopped target Timers.
[[0;32m  OK  [0m] Stopped Message of the Day.
[[0;32m  OK  [0m] Stopped Daily Cleanup of Temporary Directories.
         Stopping User Manager for UID 1000...
         Stopping Session 7 of user vagrant.
[[0;32m  OK  [0m] Stopped Discard unused blocks once a week.
[[0;32m  OK  [0m] Stopped target Cloud-init target.
[[0;32m  OK  [0m] Stopped Execute cloud user/final scripts.
[[0;32m  OK  [0m] Stopped target Multi-User System.
         Stopping Virtualbox guest utils...
         Stopping FUSE filesystem for LXC...
         Stopping Dispatcher daemon for systemd-networkd...
         Stopping OpenBSD Secure Shell server...
         Stopping D-Bus System Message Bus...
[[0;32m  OK  [0m] Stopped Daily apt upgrade and clean activities.
         Stopping LXD - container startup/shutdown...
[[0;32m  OK  [0m] Stopped Daily apt download activities.
[[0;32m  OK  [0m] Stopped target System Time Synchronized.
         Stopping Unattended Upgrades Shutdown...
[[0;32m  OK  [0m] Stopped target Login Prompts.
         Stopping Getty on tty1...
         Stopping LSB: Record successful boot for GRUB...
         Stopping Deferred execution scheduler...
         Stopping Regular background program processing daemon...
         Stopping Accounts Service...
         Stopping System Logging Service...
         Stopping Authorization Manager...
         Stopping Serial Getty on ttyS0...
         Stopping Ubuntu FAN network setup...
[[0;32m  OK  [0m] Closed Load/Save RF Kill Switch Status /dev/rfkill Watch.
         Stopping LSB: automatic crash report generation...
[[0;32m  OK  [0m] Stopped Apply the settings specified in cloud-config.
[[0;32m  OK  [0m] Stopped Wait until snapd is fully seeded.
[[0;32m  OK  [0m] Stopped target Cloud-config availability.
[[0;32m  OK  [0m] Unmounted /var/lib/lxcfs.
[[0;32m  OK  [0m] Stopped Deferred execution scheduler.
[[0;32m  OK  [0m] Stopped Dispatcher daemon for systemd-networkd.
[[0;32m  OK  [0m] Stopped Regular background program processing daemon.
[[0;32m  OK  [0m] Stopped System Logging Service.
[[0;32m  OK  [0m] Stopped Authorization Manager.
[[0;32m  OK  [0m] Stopped Serial Getty on ttyS0.
[[0;32m  OK  [0m] Stopped Getty on tty1.
[[0;32m  OK  [0m] Stopped OpenBSD Secure Shell server.
[[0;32m  OK  [0m] Stopped Docker Application Container Engine.
[[0;32m  OK  [0m] Stopped User Manager for UID 1000.
[[0;32m  OK  [0m] Stopped D-Bus System Message Bus.
[[0;32m  OK  [0m] Stopped Session 7 of user vagrant.
[[0;32m  OK  [0m] Removed slice User Slice of vagrant.
         Stopping containerd container runtime...
[[0;32m  OK  [0m] Removed slice system-getty.slice.
         Stopping Permit User Sessions...
[[0;32m  OK  [0m] Removed slice system-serial\x2dgetty.slice.
[[0;32m  OK  [0m] Stopped containerd container runtime.
[[0;32m  OK  [0m] Stopped LXD - container startup/shutdown.
[[0;32m  OK  [0m] Stopped Availability of block devices.
[[0;32m  OK  [0m] Stopped Accounts Service.
[[0;32m  OK  [0m] Stopped Unattended Upgrades Shutdown.
         Stopping Login Service...
[[0;32m  OK  [0m] Stopped Login Service.
[[0;32m  OK  [0m] Stopped FUSE filesystem for LXC.
[[0;32m  OK  [0m] Stopped Permit User Sessions.
[[0;32m  OK  [0m] Stopped target User and Group Name Lookups.
[[0;32m  OK  [0m] Stopped LSB: Record successful boot for GRUB.
[[0;32m  OK  [0m] Stopped Ubuntu FAN network setup.
[[0;32m  OK  [0m] Stopped target Network is Online.
[[0;32m  OK  [0m] Stopped target Network.
         Stopping Network Name Resolution...
[[0;32m  OK  [0m] Stopped Network Name Resolution.
[[0;32m  OK  [0m] Stopped LSB: automatic crash report generation.
[[0;32m  OK  [0m] Stopped target Remote File Systems.
[[0;32m  OK  [0m] Stopped target Remote File Systems (Pre).
[[0;32m  OK  [0m] Stopped Virtualbox guest utils.
[[0;32m  OK  [0m] Stopped target Basic System.
[[0;32m  OK  [0m] Stopped target Sockets.
[[0;32m  OK  [0m] Closed ACPID Listen Socket.
[[0;32m  OK  [0m] Closed Open-iSCSI iscsid Socket.
[[0;32m  OK  [0m] Closed Syslog Socket.
[[0;32m  OK  [0m] Closed UUID daemon activation socket.
[[0;32m  OK  [0m] Closed D-Bus System Message Bus Socket.
[[0;32m  OK  [0m] Closed Socket activation for snappy daemon.
[[0;32m  OK  [0m] Closed LXD - unix socket.
[[0;32m  OK  [0m] Closed Docker Socket for the API.
[[0;32m  OK  [0m] Stopped target Slices.
[[0;32m  OK  [0m] Removed slice User and Session Slice.
[[0;32m  OK  [0m] Stopped target Paths.
[[0;32m  OK  [0m] Stopped ACPI Events Check.
[[0;32m  OK  [0m] Stopped target System Initialization.
         Stopping Load/Save Random Seed...
[[0;32m  OK  [0m] Stopped target Local Encrypted Volumes.
[[0;32m  OK  [0m] Stopped Dispatch Password Requests to Console Directory Watch.
         Stopping Update UTMP about System Boot/Shutdown...
[[0;32m  OK  [0m] Stopped Initial cloud-init job (metadata service crawler).
[[0;32m  OK  [0m] Stopped Wait for Network to be Configured.
         Stopping Network Service...
[[0;32m  OK  [0m] Stopped Commit a transient machine-id on disk.
[[0;32m  OK  [0m] Stopped Forward Password Requests to Wall Directory Watch.
[[0;32m  OK  [0m] Stopped Load/Save Random Seed.
[[0;32m  OK  [0m] Stopped Update UTMP about System Boot/Shutdown.
[[0;32m  OK  [0m] Stopped Network Service.
[[0;32m  OK  [0m] Stopped target Network (Pre).
[[0;32m  OK  [0m] Stopped Initial cloud-init job (pre-networking).
[[0;32m  OK  [0m] Stopped Apply Kernel Variables.
[[0;32m  OK  [0m] Stopped Load Kernel Modules.
[[0;32m  OK  [0m] Stopped Create Volatile Files and Directories.
[[0;32m  OK  [0m] Stopped target Local File Systems.
         Unmounting /run/user/1000...
         Unmounting /vagrant...
[[0;32m  OK  [0m] Unmounted /run/user/1000.
[[0;32m  OK  [0m] Stopped target Swap.
[[0;32m  OK  [0m] Unmounted /vagrant.
[[0;32m  OK  [0m] Reached target Unmount All Filesystems.
[[0;32m  OK  [0m] Stopped target Local File Systems (Pre).
         Stopping Monitoring of LVM2 mirrorsâ€¦ng dmeventd or progress polling...
[[0;32m  OK  [0m] Stopped Create Static Device Nodes in /dev.
[[0;32m  OK  [0m] Stopped Remount Root and Kernel File Systems.
[[0;32m  OK  [0m] Reached target Shutdown.
[[0;32m  OK  [0m] Reached target Final Step.
         Starting Power-Off...
[ 1385.882880] reboot: Power down
